// Vitest Snapshot v1, https://vitest.dev/guide/snapshot.html

exports[`TaskTable > renders correctly 1`] = `
<tbody
  class="divide-y divide-gray-200 dark:divide-gray-800"
>
  
  
  <tr
    class="hover:bg-gray-50 dark:hover:bg-gray-800/50 cursor-pointer"
  >
    <!--v-if-->
    <!--v-if-->
    
    <td
      class="whitespace-nowrap px-4 py-4 text-gray-500 dark:text-gray-400 text-sm"
    >
      
      <div
        class="flex items-center"
      >
        <span>
          1
        </span>
        <div
          class="ml-2 flex items-center"
        >
          <span
            aria-hidden="true"
            class="iconify i-heroicons:exclamation-triangle text-yellow-500 mr-1"
          />
        </div>
      </div>
      
    </td>
    <td
      class="whitespace-nowrap px-4 py-4 text-gray-500 dark:text-gray-400 text-sm"
    >
      
      task1
      
    </td>
    <td
      class="whitespace-nowrap px-4 py-4 text-gray-500 dark:text-gray-400 text-sm"
    >
      
      <span
        aria-hidden="true"
        class="iconify i-heroicons:play"
        dynamic=""
      />
      
    </td>
    <td
      class="whitespace-nowrap px-4 py-4 text-gray-500 dark:text-gray-400 text-sm text-gray-500 dark:text-gray-300"
    >
      
      <p
        class="text-gray-500 dark:text-gray-300 w-10"
      >
        0ns
      </p>
      
    </td>
    <td
      class="whitespace-nowrap px-4 py-4 text-gray-500 dark:text-gray-400 text-sm text-green-500 dark:text-green-300"
    >
      
      <p
        class="text-green-500 dark:text-green-300 w-10"
      >
        8m 20s 
      </p>
      
    </td>
    <td
      class="whitespace-nowrap px-4 py-4 text-gray-500 dark:text-gray-400 text-sm text-green-500 dark:text-green-300"
    >
      
      <p
        class="text-green-500 dark:text-green-300 w-10"
      >
        5m 
      </p>
      
    </td>
    <td
      class="whitespace-nowrap px-4 py-4 text-gray-500 dark:text-gray-400 text-sm text-green-500 dark:text-green-300"
    >
      
      <p
        class="text-green-500 dark:text-green-300 w-10"
      >
        3m 20s 
      </p>
      
    </td>
    <td
      class="whitespace-nowrap px-4 py-4 text-gray-500 dark:text-gray-400 text-sm"
    >
      
      100
      
    </td>
    <td
      class="whitespace-nowrap px-4 py-4 text-gray-500 dark:text-gray-400 text-sm"
    >
      
      task
      
    </td>
    <td
      class="whitespace-nowrap px-4 py-4 text-gray-500 dark:text-gray-400 text-sm"
    >
      
      <div
        class="mb-1"
      >
        app.rs/68:10
      </div>
      
    </td>
    <td
      class="whitespace-nowrap px-4 py-4 text-gray-500 dark:text-gray-400 text-sm"
    >
      
      <div
        class="mb-1"
      >
        <p>
          <span
            class="text-blue-600 dark:text-blue-400"
          >
            target
          </span>
          <span
            class="text-gray-500 dark:text-gray-400"
          >
            =
          </span>
          <span
            class="text-green-600 dark:text-green-400"
          >
            tokio:task
          </span>
        </p>
      </div>
      
    </td>
    
  </tr>
  <!--v-if-->
  
  
</tbody>
`;
