// Vitest Snapshot v1, https://vitest.dev/guide/snapshot.html

exports[`WarningList View 1`] = `
"<div class="p-4 flex-1 space-y-4">
  <div class="w-full relative overflow-hidden rounded-lg p-4 text-yellow-500 dark:text-yellow-400 ring-1 ring-inset ring-yellow-500 dark:ring-yellow-400">
    <div class="flex gap-3 items-start"><span class="i-heroicons-exclamation-triangle-20-solid flex-shrink-0 w-5 h-5"></span>
      <!--v-if-->
      <div class="w-0 flex-1">
        <p class="text-sm font-medium">NeverYielded</p>
        <div class="text-sm opacity-90 mt-0 leading-5">
          <p>1 tasks have never yielded (threshold 1.00s)</p>
        </div>
        <!--v-if-->
      </div>
      <!--v-if-->
    </div>
  </div>
  <div class="w-full relative overflow-hidden rounded-lg p-4 text-yellow-500 dark:text-yellow-400 ring-1 ring-inset ring-yellow-500 dark:ring-yellow-400">
    <div class="flex gap-3 items-start"><span class="i-heroicons-exclamation-triangle-20-solid flex-shrink-0 w-5 h-5"></span>
      <!--v-if-->
      <div class="w-0 flex-1">
        <p class="text-sm font-medium">LostWaker</p>
        <div class="text-sm opacity-90 mt-0 leading-5">
          <p>1 tasks have lost their wakers</p>
        </div>
        <!--v-if-->
      </div>
      <!--v-if-->
    </div>
  </div>
  <div class="w-full relative overflow-hidden rounded-lg p-4 text-yellow-500 dark:text-yellow-400 ring-1 ring-inset ring-yellow-500 dark:ring-yellow-400">
    <div class="flex gap-3 items-start"><span class="i-heroicons-exclamation-triangle-20-solid flex-shrink-0 w-5 h-5"></span>
      <!--v-if-->
      <div class="w-0 flex-1">
        <p class="text-sm font-medium">SelfWakePercent</p>
        <div class="text-sm opacity-90 mt-0 leading-5">
          <p>1 tasks have woken themselves over 50% of the time</p>
        </div>
        <!--v-if-->
      </div>
      <!--v-if-->
    </div>
  </div>
</div>"
`;
