// Vitest Snapshot v1, https://vitest.dev/guide/snapshot.html

exports[`ResourceDetails 1`] = `
"<div>
  <div>
    <div class="rounded-lg divide-y divide-gray-200 dark:divide-gray-800 ring-1 ring-gray-200 dark:ring-gray-800 shadow bg-white dark:bg-gray-900">
      <!--v-if-->
      <div class="xl:flex px-4 py-5 sm:p-6">
        <div class="space-y-2 flex-1 mr-4">
          <div class="flex items-center align-center text-center w-full flex-row">
            <div class="flex border-gray-200 dark:border-gray-800 w-full border-t border-dotted"></div>
            <div class="font-medium text-gray-700 dark:text-gray-200 flex mx-3 whitespace-nowrap">
              <div class="flex items-center text-black dark:text-white font-bold text-md"><span>Resource</span></div>
            </div>
            <div class="flex border-gray-200 dark:border-gray-800 w-full border-t border-dotted"></div>
          </div>
          <div class="flex"><span class="font-bold text-black dark:text-white">ID</span><span class="mr-1">: </span><span class="">1</span></div>
          <div class="flex"><span class="font-bold text-black dark:text-white">Parent ID</span><span class="mr-1">: </span><span class="">N/A</span></div>
          <div class="flex"><span class="font-bold text-black dark:text-white">Kind</span><span class="mr-1">: </span><span class="">Timer</span></div>
          <div class="flex"><span class="font-bold text-black dark:text-white">Target</span><span class="mr-1">: </span><span class="">tokio::time::driver::sleep</span></div>
          <div class="flex"><span class="font-bold text-black dark:text-white">Type</span><span class="mr-1">: </span><span class="">Sleep</span></div>
          <div class="flex"><span class="font-bold text-black dark:text-white">Visibility</span><span class="mr-1">: </span>
            <div class="flex justify-center items-center"><svg data-v-b3e50527="" xmlns="http://www.w3.org/2000/svg" xmlns:xlink="http://www.w3.org/1999/xlink" aria-hidden="true" role="img" class="icon" width="1em" height="1em" viewBox="0 0 24 24">
                <g fill="none" stroke="currentColor" stroke-linecap="round" stroke-linejoin="round" stroke-width="1.5">
                  <path d="M2.036 12.322a1.012 1.012 0 0 1 0-.639C3.423 7.51 7.36 4.5 12 4.5c4.638 0 8.573 3.007 9.963 7.178c.07.207.07.431 0 .639C20.577 16.49 16.64 19.5 12 19.5c-4.638 0-8.573-3.007-9.963-7.178"></path>
                  <path d="M15 12a3 3 0 1 1-6 0a3 3 0 0 1 6 0"></path>
                </g>
              </svg></div>
          </div>
          <div class="flex"><span class="font-bold text-black dark:text-white">Location</span><span class="mr-1">: </span><span class="">console-subscriber/examples/grpc_web.rs:115:5</span></div>
        </div>
        <div class="flex items-center align-center text-center flex-col w-px mx-2" color="gray">
          <div class="flex border-gray-200 dark:border-gray-800 h-full border-s border-solid"></div>
          <!--v-if-->
        </div>
        <div class="space-y-2 xl:ml-4 flex-1">
          <div class="flex items-center align-center text-center w-full flex-row">
            <div class="flex border-gray-200 dark:border-gray-800 w-full border-t border-dotted"></div>
            <div class="font-medium text-gray-700 dark:text-gray-200 flex mx-3 whitespace-nowrap"><span class="text-black dark:text-white font-bold text-md">Attributes</span></div>
            <div class="flex border-gray-200 dark:border-gray-800 w-full border-t border-dotted"></div>
          </div>
          <div class="mb-1 w-10">
            <p><span class="text-blue-500 font-bold dark:text-blue-300">name</span><span class="text-gray-500 dark:text-gray-400">=</span><span class="text-yellow-500 dark:text-yellow-300">test</span><span class="text-blue-500 dark:text-blue-300">10ms</span></p>
          </div>
        </div>
      </div>
      <!--v-if-->
    </div>
    <div class="rounded-lg divide-y divide-gray-200 dark:divide-gray-800 ring-1 ring-gray-200 dark:ring-gray-800 shadow bg-white dark:bg-gray-900 mt-4">
      <!--v-if-->
      <div class="px-4 py-5 sm:p-6">
        <div class="flex items-center align-center text-center w-full flex-row">
          <div class="flex border-gray-200 dark:border-gray-800 w-full border-t border-dotted"></div>
          <div class="font-medium text-gray-700 dark:text-gray-200 flex mx-3 whitespace-nowrap"><span class="text-black dark:text-white font-bold text-md">Async Ops</span></div>
          <div class="flex border-gray-200 dark:border-gray-800 w-full border-t border-dotted"></div>
        </div>
        <div class="relative overflow-x-auto">
          <table class="min-w-full table-fixed divide-y divide-gray-300 dark:divide-gray-700">
            <thead class="relative">
              <tr class="">
                <!--v-if-->
                <th scope="col" class="text-left rtl:text-right px-4 py-3.5 text-gray-900 dark:text-white font-semibold text-sm"><button type="button" class="focus:outline-none focus-visible:outline-0 disabled:cursor-not-allowed disabled:opacity-75 flex-shrink-0 font-medium rounded-md text-sm gap-x-1.5 p-1.5 text-gray-700 dark:text-gray-200 hover:text-gray-900 dark:hover:text-white hover:bg-gray-50 dark:hover:bg-gray-800 focus-visible:ring-inset focus-visible:ring-2 focus-visible:ring-primary-500 dark:focus-visible:ring-primary-400 inline-flex items-center -m-1.5">
                    <!--v-if--><span class="">ID</span><span class="i-heroicons-arrows-up-down-20-solid flex-shrink-0 h-5 w-5" aria-hidden="true"></span>
                  </button></th>
                <th scope="col" class="text-left rtl:text-right px-4 py-3.5 text-gray-900 dark:text-white font-semibold text-sm"><button type="button" class="focus:outline-none focus-visible:outline-0 disabled:cursor-not-allowed disabled:opacity-75 flex-shrink-0 font-medium rounded-md text-sm gap-x-1.5 p-1.5 text-gray-700 dark:text-gray-200 hover:text-gray-900 dark:hover:text-white hover:bg-gray-50 dark:hover:bg-gray-800 focus-visible:ring-inset focus-visible:ring-2 focus-visible:ring-primary-500 dark:focus-visible:ring-primary-400 inline-flex items-center -m-1.5">
                    <!--v-if--><span class="">Parent</span><span class="i-heroicons-arrows-up-down-20-solid flex-shrink-0 h-5 w-5" aria-hidden="true"></span>
                  </button></th>
                <th scope="col" class="text-left rtl:text-right px-4 py-3.5 text-gray-900 dark:text-white font-semibold text-sm"><button type="button" class="focus:outline-none focus-visible:outline-0 disabled:cursor-not-allowed disabled:opacity-75 flex-shrink-0 font-medium rounded-md text-sm gap-x-1.5 p-1.5 text-gray-700 dark:text-gray-200 hover:text-gray-900 dark:hover:text-white hover:bg-gray-50 dark:hover:bg-gray-800 focus-visible:ring-inset focus-visible:ring-2 focus-visible:ring-primary-500 dark:focus-visible:ring-primary-400 inline-flex items-center -m-1.5">
                    <!--v-if--><span class="">Task</span><span class="i-heroicons-arrows-up-down-20-solid flex-shrink-0 h-5 w-5" aria-hidden="true"></span>
                  </button></th>
                <th scope="col" class="text-left rtl:text-right px-4 py-3.5 text-gray-900 dark:text-white font-semibold text-sm"><span>Source</span></th>
                <th scope="col" class="text-left rtl:text-right px-4 py-3.5 text-gray-900 dark:text-white font-semibold text-sm"><button type="button" class="focus:outline-none focus-visible:outline-0 disabled:cursor-not-allowed disabled:opacity-75 flex-shrink-0 font-medium rounded-md text-sm gap-x-1.5 p-1.5 text-gray-700 dark:text-gray-200 hover:text-gray-900 dark:hover:text-white hover:bg-gray-50 dark:hover:bg-gray-800 focus-visible:ring-inset focus-visible:ring-2 focus-visible:ring-primary-500 dark:focus-visible:ring-primary-400 inline-flex items-center -m-1.5">
                    <!--v-if--><span class="">Total</span><span class="i-heroicons-bars-arrow-down-20-solid flex-shrink-0 h-5 w-5" aria-hidden="true"></span>
                  </button></th>
                <th scope="col" class="text-left rtl:text-right px-4 py-3.5 text-gray-900 dark:text-white font-semibold text-sm"><button type="button" class="focus:outline-none focus-visible:outline-0 disabled:cursor-not-allowed disabled:opacity-75 flex-shrink-0 font-medium rounded-md text-sm gap-x-1.5 p-1.5 text-gray-700 dark:text-gray-200 hover:text-gray-900 dark:hover:text-white hover:bg-gray-50 dark:hover:bg-gray-800 focus-visible:ring-inset focus-visible:ring-2 focus-visible:ring-primary-500 dark:focus-visible:ring-primary-400 inline-flex items-center -m-1.5">
                    <!--v-if--><span class="">Busy</span><span class="i-heroicons-arrows-up-down-20-solid flex-shrink-0 h-5 w-5" aria-hidden="true"></span>
                  </button></th>
                <th scope="col" class="text-left rtl:text-right px-4 py-3.5 text-gray-900 dark:text-white font-semibold text-sm"><button type="button" class="focus:outline-none focus-visible:outline-0 disabled:cursor-not-allowed disabled:opacity-75 flex-shrink-0 font-medium rounded-md text-sm gap-x-1.5 p-1.5 text-gray-700 dark:text-gray-200 hover:text-gray-900 dark:hover:text-white hover:bg-gray-50 dark:hover:bg-gray-800 focus-visible:ring-inset focus-visible:ring-2 focus-visible:ring-primary-500 dark:focus-visible:ring-primary-400 inline-flex items-center -m-1.5">
                    <!--v-if--><span class="">Idle</span><span class="i-heroicons-arrows-up-down-20-solid flex-shrink-0 h-5 w-5" aria-hidden="true"></span>
                  </button></th>
                <th scope="col" class="text-left rtl:text-right px-4 py-3.5 text-gray-900 dark:text-white font-semibold text-sm"><button type="button" class="focus:outline-none focus-visible:outline-0 disabled:cursor-not-allowed disabled:opacity-75 flex-shrink-0 font-medium rounded-md text-sm gap-x-1.5 p-1.5 text-gray-700 dark:text-gray-200 hover:text-gray-900 dark:hover:text-white hover:bg-gray-50 dark:hover:bg-gray-800 focus-visible:ring-inset focus-visible:ring-2 focus-visible:ring-primary-500 dark:focus-visible:ring-primary-400 inline-flex items-center -m-1.5">
                    <!--v-if--><span class="">Polls</span><span class="i-heroicons-arrows-up-down-20-solid flex-shrink-0 h-5 w-5" aria-hidden="true"></span>
                  </button></th>
                <th scope="col" class="text-left rtl:text-right px-4 py-3.5 text-gray-900 dark:text-white font-semibold text-sm"><span>Attributes</span></th>
              </tr>
              <!--v-if-->
            </thead>
            <tbody class="divide-y divide-gray-200 dark:divide-gray-800">
              <tr>
                <td colspan="9">
                  <div class="flex flex-col items-center justify-center flex-1 px-6 py-14 sm:px-14"><span class="i-heroicons-circle-stack-20-solid w-6 h-6 mx-auto text-gray-400 dark:text-gray-500 mb-4" aria-hidden="true"></span>
                    <p class="text-sm text-center text-gray-900 dark:text-white">No items.</p>
                  </div>
                </td>
              </tr>
            </tbody>
          </table>
        </div>
      </div>
      <!--v-if-->
    </div>
  </div>
</div>"
`;
