// Vitest Snapshot v1, https://vitest.dev/guide/snapshot.html

exports[`ResourceTable > ResourceTable View 1`] = `
<tbody
  class="divide-y divide-gray-200 dark:divide-gray-800"
>
  
  
  <tr
    class="hover:bg-gray-50 dark:hover:bg-gray-800/50 cursor-pointer bg-slate-50 dark:bg-slate-950 animate-pulse"
  >
    <!--v-if-->
    <!--v-if-->
    
    <td
      class="whitespace-nowrap px-4 py-4 text-gray-500 dark:text-gray-400 text-sm"
    >
      
      1
      
    </td>
    <td
      class="whitespace-nowrap px-4 py-4 text-gray-500 dark:text-gray-400 text-sm"
    >
      
      N/A
      
    </td>
    <td
      class="whitespace-nowrap px-4 py-4 text-gray-500 dark:text-gray-400 text-sm"
    >
      
      Timer
      
    </td>
    <td
      class="whitespace-nowrap px-4 py-4 text-gray-500 dark:text-gray-400 text-sm text-green-500 dark:text-green-300"
    >
      
      <p
        class="text-green-500 dark:text-green-300 w-10"
      >
        16m 40s 
      </p>
      
    </td>
    <td
      class="whitespace-nowrap px-4 py-4 text-gray-500 dark:text-gray-400 text-sm"
    >
      
      target
      
    </td>
    <td
      class="whitespace-nowrap px-4 py-4 text-gray-500 dark:text-gray-400 text-sm"
    >
      
      sleep
      
    </td>
    <td
      class="whitespace-nowrap px-4 py-4 text-gray-500 dark:text-gray-400 text-sm"
    >
      
      <span
        aria-hidden="true"
        class="iconify i-heroicons:eye"
        dynamic=""
      />
      
    </td>
    <td
      class="whitespace-nowrap px-4 py-4 text-gray-500 dark:text-gray-400 text-sm"
    >
      
      <div
        class="mb-1"
      >
        app.rs/68:10
      </div>
      
    </td>
    <td
      class="whitespace-nowrap px-4 py-4 text-gray-500 dark:text-gray-400 text-sm"
    >
      
      <div
        class="mb-1"
      >
        <p>
          <span
            class="text-blue-500 font-bold dark:text-blue-300"
          >
            target
          </span>
          <span
            class="text-gray-500 dark:text-gray-400"
          >
            =
          </span>
          <span
            class="text-yellow-500 dark:text-yellow-300"
          >
            tokio:task
          </span>
          <span
            class="text-blue-500 dark:text-blue-300"
          >
            ms
          </span>
        </p>
      </div>
      
    </td>
    
  </tr>
  <!--v-if-->
  
  
</tbody>
`;

exports[`ResourceTable View 1`] = `
<tbody
  class="divide-y divide-gray-200 dark:divide-gray-800"
>
  
  
  <tr
    class="hover:bg-gray-50 dark:hover:bg-gray-800/50 cursor-pointer bg-slate-50 dark:bg-slate-950 animate-pulse"
  >
    <!--v-if-->
    <!--v-if-->
    
    <td
      class="whitespace-nowrap px-4 py-4 text-gray-500 dark:text-gray-400 text-sm"
    >
      
      1
      
    </td>
    <td
      class="whitespace-nowrap px-4 py-4 text-gray-500 dark:text-gray-400 text-sm"
    >
      
      N/A
      
    </td>
    <td
      class="whitespace-nowrap px-4 py-4 text-gray-500 dark:text-gray-400 text-sm"
    >
      
      Timer
      
    </td>
    <td
      class="whitespace-nowrap px-4 py-4 text-gray-500 dark:text-gray-400 text-sm text-green-500 dark:text-green-300"
    >
      
      <p
        class="text-green-500 dark:text-green-300 w-10"
      >
        16m 40s 
      </p>
      
    </td>
    <td
      class="whitespace-nowrap px-4 py-4 text-gray-500 dark:text-gray-400 text-sm"
    >
      
      target
      
    </td>
    <td
      class="whitespace-nowrap px-4 py-4 text-gray-500 dark:text-gray-400 text-sm"
    >
      
      sleep
      
    </td>
    <td
      class="whitespace-nowrap px-4 py-4 text-gray-500 dark:text-gray-400 text-sm"
    >
      
      <span
        aria-hidden="true"
        class="iconify i-heroicons:eye"
        dynamic=""
      />
      
    </td>
    <td
      class="whitespace-nowrap px-4 py-4 text-gray-500 dark:text-gray-400 text-sm"
    >
      
      <div
        class="mb-1"
      >
        app.rs/68:10
      </div>
      
    </td>
    <td
      class="whitespace-nowrap px-4 py-4 text-gray-500 dark:text-gray-400 text-sm"
    >
      
      <div
        class="mb-1"
      >
        <p>
          <span
            class="text-blue-500 font-bold dark:text-blue-300"
          >
            target
          </span>
          <span
            class="text-gray-500 dark:text-gray-400"
          >
            =
          </span>
          <span
            class="text-yellow-500 dark:text-yellow-300"
          >
            tokio:task
          </span>
          <span
            class="text-blue-500 dark:text-blue-300"
          >
            ms
          </span>
        </p>
      </div>
      
    </td>
    
  </tr>
  <!--v-if-->
  
  
</tbody>
`;
